chris.briggs@G4M0124:~$ ls
Desktop           node_modules         Public     Videos
Documents         nodesource_setup.sh  snap       wdio.conf.js
Downloads         package.json         Templates
google-cloud-sdk  package-lock.json    test
Music             Pictures             test.js
chris.briggs@G4M0124:~$ mkdir Development
chris.briggs@G4M0124:~$ ls
Desktop      google-cloud-sdk     package.json       snap       Videos
Development  Music                package-lock.json  Templates  wdio.conf.js
Documents    node_modules         Pictures           test
Downloads    nodesource_setup.sh  Public             test.js
chris.briggs@G4M0124:~$ cd Development
chris.briggs@G4M0124:~/Development$ pwd
/home/chris.briggs/Development
chris.briggs@G4M0124:~/Development$ gh repo clone chrisbg4m/webdriverio-framework
Cloning into 'webdriverio-framework'...
warning: templates not found /usr/share/git-core/templates
fatal: Unable to find remote helper for 'https'
exit status 128
chris.briggs@G4M0124:~/Development$ sudo apt-get install git
[sudo] password for chris.briggs: 
Reading package lists... Done
Building dependency tree       
Reading state information... Done
The following packages were automatically installed and are no longer required:
  libllvm10 shim
Use 'sudo apt autoremove' to remove them.
The following additional packages will be installed:
  git-man liberror-perl
Suggested packages:
  git-daemon-run | git-daemon-sysvinit git-doc git-el git-email git-gui gitk gitweb
  git-cvs git-mediawiki git-svn
The following NEW packages will be installed
  git git-man liberror-perl
0 to upgrade, 3 to newly install, 0 to remove and 39 not to upgrade.
Need to get 5,465 kB of archives.
After this operation, 38.4 MB of additional disk space will be used.
Do you want to continue? [Y/n] Y
Get:1 http://gb.archive.ubuntu.com/ubuntu focal/main amd64 liberror-perl all 0.17029-1 [26.5 kB]
Get:2 http://gb.archive.ubuntu.com/ubuntu focal-updates/main amd64 git-man all 1:2.25.1-1ubuntu3.2 [884 kB]
Get:3 http://gb.archive.ubuntu.com/ubuntu focal-updates/main amd64 git amd64 1:2.25.1-1ubuntu3.2 [4,554 kB]
Fetched 5,465 kB in 1s (9,125 kB/s)
Selecting previously unselected package liberror-perl.
(Reading database ... 287606 files and directories currently installed.)
Preparing to unpack .../liberror-perl_0.17029-1_all.deb ...
Unpacking liberror-perl (0.17029-1) ...
Selecting previously unselected package git-man.
Preparing to unpack .../git-man_1%3a2.25.1-1ubuntu3.2_all.deb ...
Unpacking git-man (1:2.25.1-1ubuntu3.2) ...
Selecting previously unselected package git.
Preparing to unpack .../git_1%3a2.25.1-1ubuntu3.2_amd64.deb ...
Unpacking git (1:2.25.1-1ubuntu3.2) ...
Setting up liberror-perl (0.17029-1) ...
Setting up git-man (1:2.25.1-1ubuntu3.2) ...
Setting up git (1:2.25.1-1ubuntu3.2) ...
Processing triggers for man-db (2.9.1-1) ...
chris.briggs@G4M0124:~/Development$ gh repo clone chrisbg4m/webdriverio-framework
Cloning into 'webdriverio-framework'...
warning: templates not found /usr/share/git-core/templates
fatal: Unable to find remote helper for 'https'
exit status 128
chris.briggs@G4M0124:~/Development$ brew-h
brew-h: command not found
chris.briggs@G4M0124:~/Development$ brew -h

Command 'brew' not found, did you mean:

  command 'brec' from deb bplay (0.991-10build1)
  command 'qbrew' from deb qbrew (0.4.1-8build1)

Try: sudo apt install <deb name>

chris.briggs@G4M0124:~/Development$ qbrew -h

Command 'qbrew' not found, but can be installed with:

sudo apt install qbrew

chris.briggs@G4M0124:~/Development$ brec -h

Command 'brec' not found, but can be installed with:

sudo apt install bplay

chris.briggs@G4M0124:~/Development$ curl -fsSL https://cli.github.com/packages/githubcli-archive-keyring.gpg | sudo gpg --dearmor -o /usr/share/keyrings/githubcli-archive-keyring.gpg
chris.briggs@G4M0124:~/Development$ echo "deb [arch=$(dpkg --print-architecture) signed-by=/usr/share/keyrings/githubcli-archive-keyring.gpg] https://cli.github.com/packages stable main" | sudo tee /etc/apt/sources.list.d/github-cli.list > /dev/null
chris.briggs@G4M0124:~/Development$ sudo apt update
Hit:1 http://gb.archive.ubuntu.com/ubuntu focal InRelease
Hit:2 http://dell.archive.canonical.com focal InRelease                                                                    
Get:3 http://gb.archive.ubuntu.com/ubuntu focal-updates InRelease [114 kB]                                                                        
Hit:4 http://dl.google.com/linux/chrome/deb stable InRelease                                                                                                
Get:5 http://gb.archive.ubuntu.com/ubuntu focal-backports InRelease [101 kB]                                                                                
Get:6 http://security.ubuntu.com/ubuntu focal-security InRelease [114 kB]      
Get:7 https://cli.github.com/packages stable InRelease [3,743 B]
Get:8 http://gb.archive.ubuntu.com/ubuntu focal-updates/main amd64 DEP-11 Metadata [279 kB]
Get:9 http://gb.archive.ubuntu.com/ubuntu focal-updates/universe amd64 DEP-11 Metadata [363 kB]
Get:10 http://gb.archive.ubuntu.com/ubuntu focal-updates/multiverse amd64 DEP-11 Metadata [940 B]
Get:11 http://gb.archive.ubuntu.com/ubuntu focal-backports/universe amd64 DEP-11 Metadata [10.4 kB]
Get:12 https://cli.github.com/packages stable/main amd64 Packages [337 B]      
Get:13 http://security.ubuntu.com/ubuntu focal-security/main amd64 DEP-11 Metadata [29.0 kB]
Get:14 http://security.ubuntu.com/ubuntu focal-security/universe amd64 DEP-11 Metadata [63.6 kB]
Get:15 http://security.ubuntu.com/ubuntu focal-security/multiverse amd64 DEP-11 Metadata [2,464 B]
Fetched 1,080 kB in 1s (821 kB/s)   
Reading package lists... Done
Building dependency tree       
Reading state information... Done
39 packages can be upgraded. Run 'apt list --upgradable' to see them.
chris.briggs@G4M0124:~/Development$ sudo apt install gh
Reading package lists... Done
Building dependency tree       
Reading state information... Done
The following packages were automatically installed and are no longer required:
  libllvm10 shim
Use 'sudo apt autoremove' to remove them.
The following NEW packages will be installed
  gh
0 to upgrade, 1 to newly install, 0 to remove and 39 not to upgrade.
Need to get 7,300 kB of archives.
After this operation, 30.3 MB of additional disk space will be used.
Get:1 https://cli.github.com/packages stable/main amd64 gh amd64 2.2.0 [7,300 kB]
Fetched 7,300 kB in 1s (7,545 kB/s)
Selecting previously unselected package gh.
(Reading database ... 288541 files and directories currently installed.)
Preparing to unpack .../archives/gh_2.2.0_amd64.deb ...
Unpacking gh (2.2.0) ...
Setting up gh (2.2.0) ...
Processing triggers for man-db (2.9.1-1) ...
chris.briggs@G4M0124:~/Development$ sudo apt update
Hit:1 http://gb.archive.ubuntu.com/ubuntu focal InRelease
Hit:2 http://gb.archive.ubuntu.com/ubuntu focal-updates InRelease                                                                                            
Hit:3 http://dell.archive.canonical.com focal InRelease                                                                                                      
0% [Waiting for headers] [Connecting to security.ubuntu.com (91.189.91.38)] [Waiting for headers]
Hit:4 https://cli.github.com/packages stable InRelease                                           
Hit:5 http://gb.archive.ubuntu.com/ubuntu focal-backports InRelease                              
Hit:6 http://security.ubuntu.com/ubuntu focal-security InRelease           
Hit:7 http://dl.google.com/linux/chrome/deb stable InRelease
Reading package lists... Done
Building dependency tree       
Reading state information... Done
39 packages can be upgraded. Run 'apt list --upgradable' to see them.
chris.briggs@G4M0124:~/Development$ sudo apt install gh
Reading package lists... Done
Building dependency tree       
Reading state information... Done
gh is already the newest version (2.2.0).
The following packages were automatically installed and are no longer required:
  libllvm10 shim
Use 'sudo apt autoremove' to remove them.
0 to upgrade, 0 to newly install, 0 to remove and 39 not to upgrade.
chris.briggs@G4M0124:~/Development$ 
chris.briggs@G4M0124:~/Development$ gh repo clone chrisbg4m/webdriverio-framework
Cloning into 'webdriverio-framework'...
warning: templates not found /usr/share/git-core/templates
fatal: Unable to find remote helper for 'https'
exit status 128
chris.briggs@G4M0124:~/Development$ ^C
chris.briggs@G4M0124:~/Development$ mkdir /usr/share/git-core/templates
mkdir: cannot create directory ‘/usr/share/git-core/templates’: File exists
chris.briggs@G4M0124:~/Development$ cd
chris.briggs@G4M0124:~$ ls
Desktop      Documents  google-cloud-sdk  node_modules         package.json       Pictures  snap       test     Videos
Development  Downloads  Music             nodesource_setup.sh  package-lock.json  Public    Templates  test.js  wdio.conf.js
chris.briggs@G4M0124:~$ cd Development
chris.briggs@G4M0124:~/Development$ ssh-keygen -t rsa
Generating public/private rsa key pair.
Enter file in which to save the key (/home/chris.briggs/.ssh/id_rsa):  
Enter passphrase (empty for no passphrase): 
Enter same passphrase again: 
Your identification has been saved in /home/chris.briggs/.ssh/id_rsa
Your public key has been saved in /home/chris.briggs/.ssh/id_rsa.pub
The key fingerprint is:
SHA256:vqsKEaFBgjECFxR+Lz3VeV+kg7uPdyUnSH+83VN0/gU chris.briggs@G4M0124
The key's randomart image is:
+---[RSA 3072]----+
|@+*o            .|
|+* .     . . . o |
|. o .   . o o o .|
|   o o .   ..oEoo|
|  . . + S  ..o.=.|
|   . . o    ..+ O|
|  .     .   .  =O|
|   .     .   o.o=|
|    ....o.  .....|
+----[SHA256]-----+
chris.briggs@G4M0124:~/Development$ cat ~/.ssh/id_rsa.pub
ssh-rsa AAAAB3NzaC1yc2EAAAADAQABAAABgQDJO0BNT8OlimKGxIDL0Oy3xowAv2ZKKM1r/iOO9HTrVzNc6LIvlcDada0VuoK70JFIpWnjsRpACvwtZgVcgfTuyv7q1rj539LwNJJdB2h5AsV1TcPOVHz0r/Ebc8IN81e52uK97jXWZCR0tq2JCzFgYpENVY79mo78S7nIWnSLdVGSglWM9YfQS2cGPyJ474/KVyMSTHPLErfGSYfRjX3oaVmWnmBYKebP9jfbk+WBEz0ThPB+BDkZBw/O7auyBMk+NzDgRiSt4ID620oKkfXaM+emTpyzHRPRCvruOSKUQehauyfid978mEH/vedlZAkyuFOhIVxgqYTbVdh2i/EfHfoxILA1x7SwZ1yhCuHDGGfot2HBtIoCGHwzYweVDEns/+bhWfwHNW2kILIxPH9kEzOsfvHyFHuBKCynqOkpdwx6wd7SE4gRkHbnTPlqLT5EKYwjgV5DaSFXO0nwErsqhiCXAtY+c4gBdd5+cmsdFFWWiVuPx8zWajTNtxDXtHc= chris.briggs@G4M0124
chris.briggs@G4M0124:~/Development$ git@github.com:chrisbg4m/webdriverio-framework.git
bash: git@github.com:chrisbg4m/webdriverio-framework.git: No such file or directory
chris.briggs@G4M0124:~/Development$ git clone git@github.com:chrisbg4m/webdriverio-framework.git
Cloning into 'webdriverio-framework'...
The authenticity of host 'github.com (140.82.121.3)' can't be established.
RSA key fingerprint is SHA256:nThbg6kXUpJWGl7E1IGOCspRomTxdCARLviKw6E5SY8.
Are you sure you want to continue connecting (yes/no/[fingerprint])? yes
Warning: Permanently added 'github.com,140.82.121.3' (RSA) to the list of known hosts.
remote: Enumerating objects: 6121, done.
remote: Counting objects: 100% (854/854), done.
remote: Compressing objects: 100% (324/324), done.
remote: Total 6121 (delta 652), reused 626 (delta 529), pack-reused 5267
Receiving objects: 100% (6121/6121), 9.52 MiB | 6.24 MiB/s, done.
Resolving deltas: 100% (4075/4075), done.
chris.briggs@G4M0124:~/Development$ ls
webdriverio-framework
chris.briggs@G4M0124:~/Development$ cd webdriverio-framework/
chris.briggs@G4M0124:~/Development/webdriverio-framework$ ls
config  docker-compose.ci.yml  docker-compose.yml  Dockerfile  docs  jsconfig.json  logs  package.json  pages  README.md  reports  screenshots  tests  utils
chris.briggs@G4M0124:~/Development/webdriverio-framework$ npm -v
7.20.6
chris.briggs@G4M0124:~/Development/webdriverio-framework$ npm install
npm WARN EBADENGINE Unsupported engine {
npm WARN EBADENGINE   package: '@wdio/sync@7.16.3',
npm WARN EBADENGINE   required: { node: '>=12.0.0 <16' },
npm WARN EBADENGINE   current: { node: 'v16.6.2', npm: '7.20.6' }
npm WARN EBADENGINE }
npm WARN deprecated har-validator@5.1.5: this library is no longer supported
npm WARN deprecated uuid@3.4.0: Please upgrade  to version 7 or higher.  Older versions may use Math.random() in certain circumstances, which is known to be problematic.  See https://v8.dev/blog/math-random for details.
npm WARN deprecated request@2.88.2: request has been deprecated, see https://github.com/request/request/issues/3142

added 617 packages, and audited 618 packages in 33s

59 packages are looking for funding
  run `npm fund` for details

found 0 vulnerabilities
chris.briggs@G4M0124:~/Development/webdriverio-framework$ curl -o- https://raw.githubusercontent.com/nvm-sh/nvm/v0.34.0/install.sh | bash
  % Total    % Received % Xferd  Average Speed   Time    Time     Time  Current
                                 Dload  Upload   Total   Spent    Left  Speed
100 13226  100 13226    0     0  46244      0 --:--:-- --:--:-- --:--:-- 46083
=> Downloading nvm from git to '/home/chris.briggs/.nvm'
=> Initialised empty Git repository in /home/chris.briggs/.nvm/.git/
remote: Enumerating objects: 278, done.
remote: Counting objects: 100% (278/278), done.
remote: Compressing objects: 100% (245/245), done.
remote: Total 278 (delta 31), reused 101 (delta 20), pack-reused 0
Receiving objects: 100% (278/278), 142.25 KiB | 872.00 KiB/s, done.
Resolving deltas: 100% (31/31), done.
From https://github.com/creationix/nvm
 * [new tag]         v0.34.0    -> v0.34.0
=> Compressing and cleaning up git repository

=> nvm source string already in /home/chris.briggs/.bashrc
=> bash_completion source string already in /home/chris.briggs/.bashrc
=> You currently have modules installed globally with `npm`. These will no
=> longer be linked to the active version of Node when you install a new node
=> with `nvm`; and they may (depending on how you construct your `$PATH`)
=> override the binaries of modules installed with `nvm`:

/home/chris.briggs/.nvm/versions/node/v16.6.2/lib
├── newman-reporter-htmlextra@1.22.1
├── newman@5.3.0
=> If you wish to uninstall them at a later point (or re-install them under your
=> `nvm` Nodes), you can remove them from the system Node as follows:

     $ nvm use system
     $ npm uninstall -g a_module

=> Close and reopen your terminal to start using nvm or run the following to use it now:

export NVM_DIR="$HOME/.nvm"
[ -s "$NVM_DIR/nvm.sh" ] && \. "$NVM_DIR/nvm.sh"  # This loads nvm
[ -s "$NVM_DIR/bash_completion" ] && \. "$NVM_DIR/bash_completion"  # This loads nvm bash_completion
chris.briggs@G4M0124:~/Development/webdriverio-framework$ ^C
chris.briggs@G4M0124:~/Development/webdriverio-framework$ -v nvm
-v: command not found
chris.briggs@G4M0124:~/Development/webdriverio-framework$ command -v npm
/home/chris.briggs/.nvm/versions/node/v16.6.2/bin/npm
chris.briggs@G4M0124:~/Development/webdriverio-framework$ nvm install node
Downloading and installing node v17.0.1...
Downloading https://nodejs.org/dist/v17.0.1/node-v17.0.1-linux-x64.tar.xz...
################################################################################################################################################################################## 100.0%
Computing checksum with sha256sum
Checksums matched!
Now using node v17.0.1 (npm v8.1.0)
chris.briggs@G4M0124:~/Development/webdriverio-framework$ nvm ls-remote
        v0.1.14
        v0.1.15
        v0.1.16
        v0.1.17
        v0.1.18
        v0.1.19
        v0.1.20
        v0.1.21
        v0.1.22
        v0.1.23
        v0.1.24
        v0.1.25
        v0.1.26
        v0.1.27
        v0.1.28
        v0.1.29
        v0.1.30
        v0.1.31
        v0.1.32
        v0.1.33
        v0.1.90
        v0.1.91
        v0.1.92
        v0.1.93
        v0.1.94
        v0.1.95
        v0.1.96
        v0.1.97
        v0.1.98
        v0.1.99
       v0.1.100
       v0.1.101
       v0.1.102
       v0.1.103
       v0.1.104
         v0.2.0
         v0.2.1
         v0.2.2
         v0.2.3
         v0.2.4
         v0.2.5
         v0.2.6
         v0.3.0
         v0.3.1
         v0.3.2
         v0.3.3
         v0.3.4
         v0.3.5
         v0.3.6
         v0.3.7
         v0.3.8
         v0.4.0
         v0.4.1
         v0.4.2
         v0.4.3
         v0.4.4
         v0.4.5
         v0.4.6
         v0.4.7
         v0.4.8
         v0.4.9
        v0.4.10
        v0.4.11
        v0.4.12
         v0.5.0
         v0.5.1
         v0.5.2
         v0.5.3
         v0.5.4
         v0.5.5
         v0.5.6
         v0.5.7
         v0.5.8
         v0.5.9
        v0.5.10
         v0.6.0
         v0.6.1
         v0.6.2
         v0.6.3
         v0.6.4
         v0.6.5
         v0.6.6
         v0.6.7
         v0.6.8
         v0.6.9
        v0.6.10
        v0.6.11
        v0.6.12
        v0.6.13
        v0.6.14
        v0.6.15
        v0.6.16
        v0.6.17
        v0.6.18
        v0.6.19
        v0.6.20
        v0.6.21
         v0.7.0
         v0.7.1
         v0.7.2
         v0.7.3
         v0.7.4
         v0.7.5
         v0.7.6
         v0.7.7
         v0.7.8
         v0.7.9
        v0.7.10
        v0.7.11
        v0.7.12
         v0.8.0
         v0.8.1
         v0.8.2
         v0.8.3
         v0.8.4
         v0.8.5
         v0.8.6
         v0.8.7
         v0.8.8
         v0.8.9
        v0.8.10
        v0.8.11
        v0.8.12
        v0.8.13
        v0.8.14
        v0.8.15
        v0.8.16
        v0.8.17
        v0.8.18
        v0.8.19
        v0.8.20
        v0.8.21
        v0.8.22
        v0.8.23
        v0.8.24
        v0.8.25
        v0.8.26
        v0.8.27
        v0.8.28
         v0.9.0
         v0.9.1
         v0.9.2
         v0.9.3
         v0.9.4
         v0.9.5
         v0.9.6
         v0.9.7
         v0.9.8
         v0.9.9
        v0.9.10
        v0.9.11
        v0.9.12
        v0.10.0
        v0.10.1
        v0.10.2
        v0.10.3
        v0.10.4
        v0.10.5
        v0.10.6
        v0.10.7
        v0.10.8
        v0.10.9
       v0.10.10
       v0.10.11
       v0.10.12
       v0.10.13
       v0.10.14
       v0.10.15
       v0.10.16
       v0.10.17
       v0.10.18
       v0.10.19
       v0.10.20
       v0.10.21
       v0.10.22
       v0.10.23
       v0.10.24
       v0.10.25
       v0.10.26
       v0.10.27
       v0.10.28
       v0.10.29
       v0.10.30
       v0.10.31
       v0.10.32
       v0.10.33
       v0.10.34
       v0.10.35
       v0.10.36
       v0.10.37
       v0.10.38
       v0.10.39
       v0.10.40
       v0.10.41
       v0.10.42
       v0.10.43
       v0.10.44
       v0.10.45
       v0.10.46
       v0.10.47
       v0.10.48
        v0.11.0
        v0.11.1
        v0.11.2
        v0.11.3
        v0.11.4
        v0.11.5
        v0.11.6
        v0.11.7
        v0.11.8
        v0.11.9
       v0.11.10
       v0.11.11
       v0.11.12
       v0.11.13
       v0.11.14
       v0.11.15
       v0.11.16
        v0.12.0
        v0.12.1
        v0.12.2
        v0.12.3
        v0.12.4
        v0.12.5
        v0.12.6
        v0.12.7
        v0.12.8
        v0.12.9
       v0.12.10
       v0.12.11
       v0.12.12
       v0.12.13
       v0.12.14
       v0.12.15
       v0.12.16
       v0.12.17
       v0.12.18
    iojs-v1.0.0
    iojs-v1.0.1
    iojs-v1.0.2
    iojs-v1.0.3
    iojs-v1.0.4
    iojs-v1.1.0
    iojs-v1.2.0
    iojs-v1.3.0
    iojs-v1.4.1
    iojs-v1.4.2
    iojs-v1.4.3
    iojs-v1.5.0
    iojs-v1.5.1
    iojs-v1.6.0
    iojs-v1.6.1
    iojs-v1.6.2
    iojs-v1.6.3
    iojs-v1.6.4
    iojs-v1.7.1
    iojs-v1.8.1
    iojs-v1.8.2
    iojs-v1.8.3
    iojs-v1.8.4
    iojs-v2.0.0
    iojs-v2.0.1
    iojs-v2.0.2
    iojs-v2.1.0
    iojs-v2.2.0
    iojs-v2.2.1
    iojs-v2.3.0
    iojs-v2.3.1
    iojs-v2.3.2
    iojs-v2.3.3
    iojs-v2.3.4
    iojs-v2.4.0
    iojs-v2.5.0
    iojs-v3.0.0
    iojs-v3.1.0
    iojs-v3.2.0
    iojs-v3.3.0
    iojs-v3.3.1
         v4.0.0
         v4.1.0
         v4.1.1
         v4.1.2
         v4.2.0   (LTS: Argon)
         v4.2.1   (LTS: Argon)
         v4.2.2   (LTS: Argon)
         v4.2.3   (LTS: Argon)
         v4.2.4   (LTS: Argon)
         v4.2.5   (LTS: Argon)
         v4.2.6   (LTS: Argon)
         v4.3.0   (LTS: Argon)
         v4.3.1   (LTS: Argon)
         v4.3.2   (LTS: Argon)
         v4.4.0   (LTS: Argon)
         v4.4.1   (LTS: Argon)
         v4.4.2   (LTS: Argon)
         v4.4.3   (LTS: Argon)
         v4.4.4   (LTS: Argon)
         v4.4.5   (LTS: Argon)
         v4.4.6   (LTS: Argon)
         v4.4.7   (LTS: Argon)
         v4.5.0   (LTS: Argon)
         v4.6.0   (LTS: Argon)
         v4.6.1   (LTS: Argon)
         v4.6.2   (LTS: Argon)
         v4.7.0   (LTS: Argon)
         v4.7.1   (LTS: Argon)
         v4.7.2   (LTS: Argon)
         v4.7.3   (LTS: Argon)
         v4.8.0   (LTS: Argon)
         v4.8.1   (LTS: Argon)
         v4.8.2   (LTS: Argon)
         v4.8.3   (LTS: Argon)
         v4.8.4   (LTS: Argon)
         v4.8.5   (LTS: Argon)
         v4.8.6   (LTS: Argon)
         v4.8.7   (LTS: Argon)
         v4.9.0   (LTS: Argon)
         v4.9.1   (Latest LTS: Argon)
         v5.0.0
         v5.1.0
         v5.1.1
         v5.2.0
         v5.3.0
         v5.4.0
         v5.4.1
         v5.5.0
         v5.6.0
         v5.7.0
         v5.7.1
         v5.8.0
         v5.9.0
         v5.9.1
        v5.10.0
        v5.10.1
        v5.11.0
        v5.11.1
        v5.12.0
         v6.0.0
         v6.1.0
         v6.2.0
         v6.2.1
         v6.2.2
         v6.3.0
         v6.3.1
         v6.4.0
         v6.5.0
         v6.6.0
         v6.7.0
         v6.8.0
         v6.8.1
         v6.9.0   (LTS: Boron)
         v6.9.1   (LTS: Boron)
         v6.9.2   (LTS: Boron)
         v6.9.3   (LTS: Boron)
         v6.9.4   (LTS: Boron)
         v6.9.5   (LTS: Boron)
        v6.10.0   (LTS: Boron)
        v6.10.1   (LTS: Boron)
        v6.10.2   (LTS: Boron)
        v6.10.3   (LTS: Boron)
        v6.11.0   (LTS: Boron)
        v6.11.1   (LTS: Boron)
        v6.11.2   (LTS: Boron)
        v6.11.3   (LTS: Boron)
        v6.11.4   (LTS: Boron)
        v6.11.5   (LTS: Boron)
        v6.12.0   (LTS: Boron)
        v6.12.1   (LTS: Boron)
        v6.12.2   (LTS: Boron)
        v6.12.3   (LTS: Boron)
        v6.13.0   (LTS: Boron)
        v6.13.1   (LTS: Boron)
        v6.14.0   (LTS: Boron)
        v6.14.1   (LTS: Boron)
        v6.14.2   (LTS: Boron)
        v6.14.3   (LTS: Boron)
        v6.14.4   (LTS: Boron)
        v6.15.0   (LTS: Boron)
        v6.15.1   (LTS: Boron)
        v6.16.0   (LTS: Boron)
        v6.17.0   (LTS: Boron)
        v6.17.1   (Latest LTS: Boron)
         v7.0.0
         v7.1.0
         v7.2.0
         v7.2.1
         v7.3.0
         v7.4.0
         v7.5.0
         v7.6.0
         v7.7.0
         v7.7.1
         v7.7.2
         v7.7.3
         v7.7.4
         v7.8.0
         v7.9.0
        v7.10.0
        v7.10.1
         v8.0.0
         v8.1.0
         v8.1.1
         v8.1.2
         v8.1.3
         v8.1.4
         v8.2.0
         v8.2.1
         v8.3.0
         v8.4.0
         v8.5.0
         v8.6.0
         v8.7.0
         v8.8.0
         v8.8.1
         v8.9.0   (LTS: Carbon)
         v8.9.1   (LTS: Carbon)
         v8.9.2   (LTS: Carbon)
         v8.9.3   (LTS: Carbon)
         v8.9.4   (LTS: Carbon)
        v8.10.0   (LTS: Carbon)
        v8.11.0   (LTS: Carbon)
        v8.11.1   (LTS: Carbon)
        v8.11.2   (LTS: Carbon)
        v8.11.3   (LTS: Carbon)
        v8.11.4   (LTS: Carbon)
        v8.12.0   (LTS: Carbon)
        v8.13.0   (LTS: Carbon)
        v8.14.0   (LTS: Carbon)
        v8.14.1   (LTS: Carbon)
        v8.15.0   (LTS: Carbon)
        v8.15.1   (LTS: Carbon)
        v8.16.0   (LTS: Carbon)
        v8.16.1   (LTS: Carbon)
        v8.16.2   (LTS: Carbon)
        v8.17.0   (Latest LTS: Carbon)
         v9.0.0
         v9.1.0
         v9.2.0
         v9.2.1
         v9.3.0
         v9.4.0
         v9.5.0
         v9.6.0
         v9.6.1
         v9.7.0
         v9.7.1
         v9.8.0
         v9.9.0
        v9.10.0
        v9.10.1
        v9.11.0
        v9.11.1
        v9.11.2
        v10.0.0
        v10.1.0
        v10.2.0
        v10.2.1
        v10.3.0
        v10.4.0
        v10.4.1
        v10.5.0
        v10.6.0
        v10.7.0
        v10.8.0
        v10.9.0
       v10.10.0
       v10.11.0
       v10.12.0
       v10.13.0   (LTS: Dubnium)
       v10.14.0   (LTS: Dubnium)
       v10.14.1   (LTS: Dubnium)
       v10.14.2   (LTS: Dubnium)
       v10.15.0   (LTS: Dubnium)
       v10.15.1   (LTS: Dubnium)
       v10.15.2   (LTS: Dubnium)
       v10.15.3   (LTS: Dubnium)
       v10.16.0   (LTS: Dubnium)
       v10.16.1   (LTS: Dubnium)
       v10.16.2   (LTS: Dubnium)
       v10.16.3   (LTS: Dubnium)
       v10.17.0   (LTS: Dubnium)
       v10.18.0   (LTS: Dubnium)
       v10.18.1   (LTS: Dubnium)
       v10.19.0   (LTS: Dubnium)
       v10.20.0   (LTS: Dubnium)
       v10.20.1   (LTS: Dubnium)
       v10.21.0   (LTS: Dubnium)
       v10.22.0   (LTS: Dubnium)
       v10.22.1   (LTS: Dubnium)
       v10.23.0   (LTS: Dubnium)
       v10.23.1   (LTS: Dubnium)
       v10.23.2   (LTS: Dubnium)
       v10.23.3   (LTS: Dubnium)
       v10.24.0   (LTS: Dubnium)
       v10.24.1   (Latest LTS: Dubnium)
        v11.0.0
        v11.1.0
        v11.2.0
        v11.3.0
        v11.4.0
        v11.5.0
        v11.6.0
        v11.7.0
        v11.8.0
        v11.9.0
       v11.10.0
       v11.10.1
       v11.11.0
       v11.12.0
       v11.13.0
       v11.14.0
       v11.15.0
        v12.0.0
        v12.1.0
        v12.2.0
        v12.3.0
        v12.3.1
        v12.4.0
        v12.5.0
        v12.6.0
        v12.7.0
        v12.8.0
        v12.8.1
        v12.9.0
        v12.9.1
       v12.10.0
       v12.11.0
       v12.11.1
       v12.12.0
       v12.13.0   (LTS: Erbium)
       v12.13.1   (LTS: Erbium)
       v12.14.0   (LTS: Erbium)
       v12.14.1   (LTS: Erbium)
       v12.15.0   (LTS: Erbium)
       v12.16.0   (LTS: Erbium)
       v12.16.1   (LTS: Erbium)
       v12.16.2   (LTS: Erbium)
       v12.16.3   (LTS: Erbium)
       v12.17.0   (LTS: Erbium)
       v12.18.0   (LTS: Erbium)
       v12.18.1   (LTS: Erbium)
       v12.18.2   (LTS: Erbium)
       v12.18.3   (LTS: Erbium)
       v12.18.4   (LTS: Erbium)
       v12.19.0   (LTS: Erbium)
       v12.19.1   (LTS: Erbium)
       v12.20.0   (LTS: Erbium)
       v12.20.1   (LTS: Erbium)
       v12.20.2   (LTS: Erbium)
       v12.21.0   (LTS: Erbium)
       v12.22.0   (LTS: Erbium)
       v12.22.1   (LTS: Erbium)
       v12.22.2   (LTS: Erbium)
       v12.22.3   (LTS: Erbium)
       v12.22.4   (LTS: Erbium)
       v12.22.5   (LTS: Erbium)
       v12.22.6   (LTS: Erbium)
       v12.22.7   (Latest LTS: Erbium)
        v13.0.0
        v13.0.1
        v13.1.0
        v13.2.0
        v13.3.0
        v13.4.0
        v13.5.0
        v13.6.0
        v13.7.0
        v13.8.0
        v13.9.0
       v13.10.0
       v13.10.1
       v13.11.0
       v13.12.0
       v13.13.0
       v13.14.0
        v14.0.0
        v14.1.0
        v14.2.0
        v14.3.0
        v14.4.0
        v14.5.0
        v14.6.0
        v14.7.0
        v14.8.0
        v14.9.0
       v14.10.0
       v14.10.1
       v14.11.0
       v14.12.0
       v14.13.0
       v14.13.1
       v14.14.0
       v14.15.0   (LTS: Fermium)
       v14.15.1   (LTS: Fermium)
       v14.15.2   (LTS: Fermium)
       v14.15.3   (LTS: Fermium)
       v14.15.4   (LTS: Fermium)
       v14.15.5   (LTS: Fermium)
       v14.16.0   (LTS: Fermium)
       v14.16.1   (LTS: Fermium)
       v14.17.0   (LTS: Fermium)
       v14.17.1   (LTS: Fermium)
       v14.17.2   (LTS: Fermium)
       v14.17.3   (LTS: Fermium)
       v14.17.4   (LTS: Fermium)
       v14.17.5   (LTS: Fermium)
       v14.17.6   (LTS: Fermium)
       v14.18.0   (LTS: Fermium)
       v14.18.1   (Latest LTS: Fermium)
        v15.0.0
        v15.0.1
        v15.1.0
        v15.2.0
        v15.2.1
        v15.3.0
        v15.4.0
        v15.5.0
        v15.5.1
        v15.6.0
        v15.7.0
        v15.8.0
        v15.9.0
       v15.10.0
       v15.11.0
       v15.12.0
       v15.13.0
       v15.14.0
        v16.0.0
        v16.1.0
        v16.2.0
        v16.3.0
        v16.4.0
        v16.4.1
        v16.4.2
        v16.5.0
        v16.6.0
        v16.6.1
        v16.6.2
        v16.7.0
        v16.8.0
        v16.9.0
        v16.9.1
       v16.10.0
       v16.11.0
       v16.11.1
       v16.12.0
       v16.13.0   (Latest LTS: Gallium)
        v17.0.0
->      v17.0.1
chris.briggs@G4M0124:~/Development/webdriverio-framework$ nvm install v14.17.0
Downloading and installing node v14.17.0...
Downloading https://nodejs.org/dist/v14.17.0/node-v14.17.0-linux-x64.tar.xz...
################################################################################################################################################################################## 100.0%
Computing checksum with sha256sum
Checksums matched!
Now using node v14.17.0 (npm v6.14.13)
chris.briggs@G4M0124:~/Development/webdriverio-framework$ npm install
npm WARN read-shrinkwrap This version of npm is compatible with lockfileVersion@1, but package-lock.json was generated for lockfileVersion@2. I'll try to do my best with it!

> fibers@5.0.0 install /home/chris.briggs/Development/webdriverio-framework/node_modules/fibers
> node build.js || nodejs build.js

`linux-x64-83-glibc` exists; testing
Binary is fine; exiting
npm WARN optional SKIPPING OPTIONAL DEPENDENCY: fsevents@2.3.2 (node_modules/fsevents):
npm WARN notsup SKIPPING OPTIONAL DEPENDENCY: Unsupported platform for fsevents@2.3.2: wanted {"os":"darwin","arch":"any"} (current: {"os":"linux","arch":"x64"})

updated 617 packages and audited 623 packages in 11.5s

59 packages are looking for funding
  run `npm fund` for details

found 0 vulnerabilities

chris.briggs@G4M0124:~/Development/webdriverio-framework$ npm run test:desktop -- --spec=./tests/desktop/header.spec.js

> webdriverio-framework@1.0.0 test:desktop /home/chris.briggs/Development/webdriverio-framework
> wdio ./config/desktop.conf.js "--spec=./tests/desktop/header.spec.js"


Execution of 1 workers started at 2021-11-02T11:53:31.972Z

npm ERR! code ELIFECYCLE
npm ERR! errno 1
npm ERR! webdriverio-framework@1.0.0 test:desktop: `wdio ./config/desktop.conf.js "--spec=./tests/desktop/header.spec.js"`
npm ERR! Exit status 1
npm ERR! 
npm ERR! Failed at the webdriverio-framework@1.0.0 test:desktop script.
npm ERR! This is probably not a problem with npm. There is likely additional logging output above.

npm ERR! A complete log of this run can be found in:
npm ERR!     /home/chris.briggs/.npm/_logs/2021-11-02T11_53_36_767Z-debug.log
chris.briggs@G4M0124:~/Development/webdriverio-framework$ -v java
-v: command not found
chris.briggs@G4M0124:~/Development/webdriverio-framework$ java -v

Command 'java' not found, but can be installed with:

sudo apt install openjdk-11-jre-headless  # version 11.0.11+9-0ubuntu2~20.04, or
sudo apt install default-jre              # version 2:1.11-72
sudo apt install openjdk-13-jre-headless  # version 13.0.7+5-0ubuntu1~20.04
sudo apt install openjdk-16-jre-headless  # version 16.0.1+9-1~20.04
sudo apt install openjdk-17-jre-headless  # version 17+35-1~20.04
sudo apt install openjdk-8-jre-headless   # version 8u292-b10-0ubuntu1~20.04

chris.briggs@G4M0124:~/Development/webdriverio-framework$ java -version

Command 'java' not found, but can be installed with:

sudo apt install openjdk-11-jre-headless  # version 11.0.11+9-0ubuntu2~20.04, or
sudo apt install default-jre              # version 2:1.11-72
sudo apt install openjdk-13-jre-headless  # version 13.0.7+5-0ubuntu1~20.04
sudo apt install openjdk-16-jre-headless  # version 16.0.1+9-1~20.04
sudo apt install openjdk-17-jre-headless  # version 17+35-1~20.04
sudo apt install openjdk-8-jre-headless   # version 8u292-b10-0ubuntu1~20.04

chris.briggs@G4M0124:~/Development/webdriverio-framework$ sudo apt install default-jre
[sudo] password for chris.briggs: 
Reading package lists... Done
Building dependency tree       
Reading state information... Done
The following packages were automatically installed and are no longer required:
  libllvm10 shim
Use 'sudo apt autoremove' to remove them.
The following additional packages will be installed:
  ca-certificates-java default-jre-headless fonts-dejavu-extra java-common libatk-wrapper-java libatk-wrapper-java-jni openjdk-11-jre openjdk-11-jre-headless
Suggested packages:
  fonts-ipafont-gothic fonts-ipafont-mincho fonts-wqy-microhei | fonts-wqy-zenhei
The following NEW packages will be installed
  ca-certificates-java default-jre default-jre-headless fonts-dejavu-extra java-common libatk-wrapper-java libatk-wrapper-java-jni openjdk-11-jre openjdk-11-jre-headless
0 to upgrade, 9 to newly install, 0 to remove and 39 not to upgrade.
Need to get 39.5 MB of archives.
After this operation, 179 MB of additional disk space will be used.
Do you want to continue? [Y/n] y
Get:1 http://gb.archive.ubuntu.com/ubuntu focal/main amd64 java-common all 0.72 [6,816 B]
Get:2 http://gb.archive.ubuntu.com/ubuntu focal-updates/main amd64 openjdk-11-jre-headless amd64 11.0.11+9-0ubuntu2~20.04 [37.2 MB]
Get:3 http://gb.archive.ubuntu.com/ubuntu focal/main amd64 default-jre-headless amd64 2:1.11-72 [3,192 B]
Get:4 http://gb.archive.ubuntu.com/ubuntu focal/main amd64 ca-certificates-java all 20190405ubuntu1 [12.2 kB]
Get:5 http://gb.archive.ubuntu.com/ubuntu focal-updates/main amd64 openjdk-11-jre amd64 11.0.11+9-0ubuntu2~20.04 [174 kB]
Get:6 http://gb.archive.ubuntu.com/ubuntu focal/main amd64 default-jre amd64 2:1.11-72 [1,084 B]
Get:7 http://gb.archive.ubuntu.com/ubuntu focal/main amd64 fonts-dejavu-extra all 2.37-1 [1,953 kB]
Get:8 http://gb.archive.ubuntu.com/ubuntu focal/main amd64 libatk-wrapper-java all 0.37.1-1 [53.0 kB]
Get:9 http://gb.archive.ubuntu.com/ubuntu focal/main amd64 libatk-wrapper-java-jni amd64 0.37.1-1 [45.1 kB]
Fetched 39.5 MB in 3s (12.5 MB/s)             
Selecting previously unselected package java-common.
(Reading database ... 288649 files and directories currently installed.)
Preparing to unpack .../0-java-common_0.72_all.deb ...
Unpacking java-common (0.72) ...
Selecting previously unselected package openjdk-11-jre-headless:amd64.
Preparing to unpack .../1-openjdk-11-jre-headless_11.0.11+9-0ubuntu2~20.04_amd64.deb ...
Unpacking openjdk-11-jre-headless:amd64 (11.0.11+9-0ubuntu2~20.04) ...
Selecting previously unselected package default-jre-headless.
Preparing to unpack .../2-default-jre-headless_2%3a1.11-72_amd64.deb ...
Unpacking default-jre-headless (2:1.11-72) ...
Selecting previously unselected package ca-certificates-java.
Preparing to unpack .../3-ca-certificates-java_20190405ubuntu1_all.deb ...
Unpacking ca-certificates-java (20190405ubuntu1) ...
Selecting previously unselected package openjdk-11-jre:amd64.
Preparing to unpack .../4-openjdk-11-jre_11.0.11+9-0ubuntu2~20.04_amd64.deb ...
Unpacking openjdk-11-jre:amd64 (11.0.11+9-0ubuntu2~20.04) ...
Selecting previously unselected package default-jre.
Preparing to unpack .../5-default-jre_2%3a1.11-72_amd64.deb ...
Unpacking default-jre (2:1.11-72) ...
Selecting previously unselected package fonts-dejavu-extra.
Preparing to unpack .../6-fonts-dejavu-extra_2.37-1_all.deb ...
Unpacking fonts-dejavu-extra (2.37-1) ...
Selecting previously unselected package libatk-wrapper-java.
Preparing to unpack .../7-libatk-wrapper-java_0.37.1-1_all.deb ...
Unpacking libatk-wrapper-java (0.37.1-1) ...
Selecting previously unselected package libatk-wrapper-java-jni:amd64.
Preparing to unpack .../8-libatk-wrapper-java-jni_0.37.1-1_amd64.deb ...
Unpacking libatk-wrapper-java-jni:amd64 (0.37.1-1) ...
Setting up java-common (0.72) ...
Setting up fonts-dejavu-extra (2.37-1) ...
Setting up libatk-wrapper-java (0.37.1-1) ...
Setting up libatk-wrapper-java-jni:amd64 (0.37.1-1) ...
Setting up default-jre-headless (2:1.11-72) ...
Setting up openjdk-11-jre-headless:amd64 (11.0.11+9-0ubuntu2~20.04) ...
update-alternatives: using /usr/lib/jvm/java-11-openjdk-amd64/bin/java to provide /usr/bin/java (java) in auto mode
update-alternatives: using /usr/lib/jvm/java-11-openjdk-amd64/bin/jjs to provide /usr/bin/jjs (jjs) in auto mode
update-alternatives: using /usr/lib/jvm/java-11-openjdk-amd64/bin/keytool to provide /usr/bin/keytool (keytool) in auto mode
update-alternatives: using /usr/lib/jvm/java-11-openjdk-amd64/bin/rmid to provide /usr/bin/rmid (rmid) in auto mode
update-alternatives: using /usr/lib/jvm/java-11-openjdk-amd64/bin/rmiregistry to provide /usr/bin/rmiregistry (rmiregistry) in auto mode
update-alternatives: using /usr/lib/jvm/java-11-openjdk-amd64/bin/pack200 to provide /usr/bin/pack200 (pack200) in auto mode
update-alternatives: using /usr/lib/jvm/java-11-openjdk-amd64/bin/unpack200 to provide /usr/bin/unpack200 (unpack200) in auto mode
update-alternatives: using /usr/lib/jvm/java-11-openjdk-amd64/lib/jexec to provide /usr/bin/jexec (jexec) in auto mode
Setting up openjdk-11-jre:amd64 (11.0.11+9-0ubuntu2~20.04) ...
Setting up default-jre (2:1.11-72) ...
Setting up ca-certificates-java (20190405ubuntu1) ...
head: cannot open '/etc/ssl/certs/java/cacerts' for reading: No such file or directory
Adding debian:Secure_Global_CA.pem
Adding debian:SwissSign_Silver_CA_-_G2.pem
Adding debian:QuoVadis_Root_CA_3_G3.pem
Adding debian:Starfield_Class_2_CA.pem
Adding debian:Entrust_Root_Certification_Authority.pem
Adding debian:Hellenic_Academic_and_Research_Institutions_ECC_RootCA_2015.pem
Adding debian:Staat_der_Nederlanden_EV_Root_CA.pem
Adding debian:Global_Chambersign_Root_-_2008.pem
Adding debian:QuoVadis_Root_CA_2.pem
Adding debian:QuoVadis_Root_CA.pem
Adding debian:DigiCert_High_Assurance_EV_Root_CA.pem
Adding debian:SecureTrust_CA.pem
Adding debian:TrustCor_ECA-1.pem
Adding debian:Trustis_FPS_Root_CA.pem
Adding debian:ePKI_Root_Certification_Authority.pem
Adding debian:D-TRUST_Root_Class_3_CA_2_2009.pem
Adding debian:Certum_Trusted_Network_CA.pem
Adding debian:Network_Solutions_Certificate_Authority.pem
Adding debian:QuoVadis_Root_CA_1_G3.pem
Adding debian:IdenTrust_Public_Sector_Root_CA_1.pem
Adding debian:Amazon_Root_CA_2.pem
Adding debian:ssl-cert-snakeoil.pem
Adding debian:SwissSign_Gold_CA_-_G2.pem
Adding debian:QuoVadis_Root_CA_3.pem
Adding debian:TrustCor_RootCert_CA-2.pem
Adding debian:AffirmTrust_Premium.pem
Adding debian:COMODO_ECC_Certification_Authority.pem
Adding debian:emSign_Root_CA_-_C1.pem
Adding debian:GlobalSign_Root_CA_-_R2.pem
Adding debian:TeliaSonera_Root_CA_v1.pem
Adding debian:QuoVadis_Root_CA_2_G3.pem
Adding debian:Microsoft_ECC_Root_Certificate_Authority_2017.pem
Adding debian:Go_Daddy_Root_Certificate_Authority_-_G2.pem
Adding debian:Trustwave_Global_ECC_P256_Certification_Authority.pem
Adding debian:Chambers_of_Commerce_Root_-_2008.pem
Adding debian:D-TRUST_Root_Class_3_CA_2_EV_2009.pem
Adding debian:T-TeleSec_GlobalRoot_Class_3.pem
Adding debian:certSIGN_Root_CA_G2.pem
Adding debian:Entrust.net_Premium_2048_Secure_Server_CA.pem
Adding debian:Microsec_e-Szigno_Root_CA_2009.pem
Adding debian:GTS_Root_R1.pem
Adding debian:DigiCert_Assured_ID_Root_G3.pem
Adding debian:GeoTrust_Primary_Certification_Authority_-_G2.pem
Adding debian:AC_RAIZ_FNMT-RCM.pem
Adding debian:DigiCert_Global_Root_G3.pem
Adding debian:Hellenic_Academic_and_Research_Institutions_RootCA_2011.pem
Adding debian:SecureSign_RootCA11.pem
Adding debian:Comodo_AAA_Services_root.pem
Adding debian:Security_Communication_Root_CA.pem
Adding debian:TWCA_Root_Certification_Authority.pem
Adding debian:emSign_ECC_Root_CA_-_C3.pem
Adding debian:Microsoft_RSA_Root_Certificate_Authority_2017.pem
Adding debian:SSL.com_EV_Root_Certification_Authority_RSA_R2.pem
Adding debian:GlobalSign_Root_CA_-_R3.pem
Adding debian:IdenTrust_Commercial_Root_CA_1.pem
Adding debian:certSIGN_ROOT_CA.pem
Adding debian:Trustwave_Global_ECC_P384_Certification_Authority.pem
Adding debian:Entrust_Root_Certification_Authority_-_G2.pem
Adding debian:Hellenic_Academic_and_Research_Institutions_RootCA_2015.pem
Adding debian:Security_Communication_RootCA2.pem
Adding debian:Izenpe.com.pem
Adding debian:Actalis_Authentication_Root_CA.pem
Adding debian:Trustwave_Global_Certification_Authority.pem
Adding debian:ACCVRAIZ1.pem
Adding debian:COMODO_Certification_Authority.pem
Adding debian:SSL.com_Root_Certification_Authority_ECC.pem
Adding debian:AffirmTrust_Commercial.pem
Adding debian:COMODO_RSA_Certification_Authority.pem
Adding debian:OISTE_WISeKey_Global_Root_GB_CA.pem
Adding debian:AffirmTrust_Networking.pem
Adding debian:DigiCert_Global_Root_G2.pem
Adding debian:Autoridad_de_Certificacion_Firmaprofesional_CIF_A62634068.pem
Adding debian:Cybertrust_Global_Root.pem
Adding debian:Starfield_Services_Root_Certificate_Authority_-_G2.pem
Adding debian:DigiCert_Assured_ID_Root_G2.pem
Adding debian:NetLock_Arany_=Class_Gold=_Főtanúsítvány.pem
Adding debian:GlobalSign_ECC_Root_CA_-_R5.pem
Adding debian:SZAFIR_ROOT_CA2.pem
Adding debian:CFCA_EV_ROOT.pem
Adding debian:OISTE_WISeKey_Global_Root_GC_CA.pem
Adding debian:Atos_TrustedRoot_2011.pem
Adding debian:Entrust_Root_Certification_Authority_-_G4.pem
Adding debian:GlobalSign_Root_CA.pem
Adding debian:GlobalSign_Root_CA_-_R6.pem
Adding debian:AffirmTrust_Premium_ECC.pem
Adding debian:ISRG_Root_X1.pem
Adding debian:DigiCert_Global_Root_CA.pem
Adding debian:emSign_Root_CA_-_G1.pem
Adding debian:SSL.com_EV_Root_Certification_Authority_ECC.pem
Adding debian:Hongkong_Post_Root_CA_3.pem
Adding debian:T-TeleSec_GlobalRoot_Class_2.pem
Adding debian:CA_Disig_Root_R2.pem
Adding debian:TWCA_Global_Root_CA.pem
Adding debian:Staat_der_Nederlanden_Root_CA_-_G3.pem
Adding debian:SSL.com_Root_Certification_Authority_RSA.pem
Adding debian:DigiCert_Assured_ID_Root_CA.pem
Adding debian:emSign_ECC_Root_CA_-_G3.pem
Adding debian:Buypass_Class_2_Root_CA.pem
Adding debian:GDCA_TrustAUTH_R5_ROOT.pem
Adding debian:Certum_Trusted_Network_CA_2.pem
Adding debian:XRamp_Global_CA_Root.pem
Adding debian:GlobalSign_ECC_Root_CA_-_R4.pem
Adding debian:VeriSign_Universal_Root_Certification_Authority.pem
Adding debian:Certigna.pem
Adding debian:UCA_Extended_Validation_Root.pem
Adding debian:Buypass_Class_3_Root_CA.pem
Adding debian:TrustCor_RootCert_CA-1.pem
Adding debian:EC-ACC.pem
Adding debian:Starfield_Root_Certificate_Authority_-_G2.pem
Adding debian:Amazon_Root_CA_3.pem
Adding debian:Go_Daddy_Class_2_CA.pem
Adding debian:GTS_Root_R4.pem
Adding debian:Baltimore_CyberTrust_Root.pem
Adding debian:Entrust_Root_Certification_Authority_-_EC1.pem
Adding debian:UCA_Global_G2_Root.pem
Adding debian:Hongkong_Post_Root_CA_1.pem
Adding debian:Sonera_Class_2_Root_CA.pem
Adding debian:NAVER_Global_Root_Certification_Authority.pem
Adding debian:e-Szigno_Root_CA_2017.pem
Adding debian:GTS_Root_R3.pem
Adding debian:USERTrust_RSA_Certification_Authority.pem
Adding debian:Amazon_Root_CA_1.pem
Adding debian:DigiCert_Trusted_Root_G4.pem
Adding debian:Certigna_Root_CA.pem
Adding debian:GTS_Root_R2.pem
Adding debian:E-Tugra_Certification_Authority.pem
Adding debian:TUBITAK_Kamu_SM_SSL_Kok_Sertifikasi_-_Surum_1.pem
Adding debian:Amazon_Root_CA_4.pem
Adding debian:USERTrust_ECC_Certification_Authority.pem
done.
Processing triggers for fontconfig (2.13.1-2ubuntu3) ...
Processing triggers for desktop-file-utils (0.24-1ubuntu3) ...
Processing triggers for mime-support (3.64ubuntu1) ...
Processing triggers for hicolor-icon-theme (0.17-2) ...
Processing triggers for gnome-menus (3.36.0-1ubuntu1) ...
Processing triggers for man-db (2.9.1-1) ...
Processing triggers for ca-certificates (20210119~20.04.2) ...
Updating certificates in /etc/ssl/certs...
0 added, 0 removed; done.
Running hooks in /etc/ca-certificates/update.d...

done.
done.
chris.briggs@G4M0124:~/Development/webdriverio-framework$ npm run test:desktop -- --spec=./tests/desktop/header.spec.js

> webdriverio-framework@1.0.0 test:desktop /home/chris.briggs/Development/webdriverio-framework
> wdio ./config/desktop.conf.js "--spec=./tests/desktop/header.spec.js"


Execution of 1 workers started at 2021-11-02T11:56:25.622Z

[0-0] RUNNING in chrome - /tests/desktop/header.spec.js
[0-0] FAILED in chrome - /tests/desktop/header.spec.js

Spec Files:  0 passed, 1 failed, 1 total (100% completed) in 00:00:22 

npm ERR! code ELIFECYCLE
npm ERR! errno 1
npm ERR! webdriverio-framework@1.0.0 test:desktop: `wdio ./config/desktop.conf.js "--spec=./tests/desktop/header.spec.js"`
npm ERR! Exit status 1
npm ERR! 
npm ERR! Failed at the webdriverio-framework@1.0.0 test:desktop script.
npm ERR! This is probably not a problem with npm. There is likely additional logging output above.

npm ERR! A complete log of this run can be found in:
npm ERR!     /home/chris.briggs/.npm/_logs/2021-11-02T11_56_48_235Z-debug.log
chris.briggs@G4M0124:~/Development/webdriverio-framework$ sudo apt install openjdk-17-jre-headless
Reading package lists... Done
Building dependency tree       
Reading state information... Done
The following packages were automatically installed and are no longer required:
  libllvm10 shim
Use 'sudo apt autoremove' to remove them.
Suggested packages:
  fonts-ipafont-gothic fonts-ipafont-mincho fonts-wqy-microhei | fonts-wqy-zenhei
CThe following NEW packages will be installed
  openjdk-17-jre-headless
0 to upgrade, 1 to newly install, 0 to remove and 39 not to upgrade.
Need to get 43.5 MB of archives.
After this operation, 193 MB of additional disk space will be used.
Get:1 http://gb.archive.ubuntu.com/ubuntu focal-updates/universe amd64 openjdk-17-jre-headless amd64 17+35-1~20.04 [43.5 MB]
Fetched 43.5 MB in 3s (13.2 MB/s)                   
Selecting previously unselected package openjdk-17-jre-headless:amd64.
(Reading database ... 289052 files and directories currently installed.)
Preparing to unpack .../openjdk-17-jre-headless_17+35-1~20.04_amd64.deb ...
Unpacking openjdk-17-jre-headless:amd64 (17+35-1~20.04) ...
Setting up openjdk-17-jre-headless:amd64 (17+35-1~20.04) ...
update-alternatives: using /usr/lib/jvm/java-17-openjdk-amd64/bin/java to provide /usr/bin/java (java) in auto mode
update-alternatives: using /usr/lib/jvm/java-17-openjdk-amd64/bin/jpackage to provide /usr/bin/jpackage (jpackage) in auto mode
update-alternatives: using /usr/lib/jvm/java-17-openjdk-amd64/bin/keytool to provide /usr/bin/keytool (keytool) in auto mode
update-alternatives: using /usr/lib/jvm/java-17-openjdk-amd64/bin/rmiregistry to provide /usr/bin/rmiregistry (rmiregistry) in auto mode
update-alternatives: using /usr/lib/jvm/java-17-openjdk-amd64/lib/jexec to provide /usr/bin/jexec (jexec) in auto mode
chris.briggs@G4M0124:~/Development/webdriverio-framework$ ^C
chris.briggs@G4M0124:~/Development/webdriverio-framework$ 

chris.briggs@G4M0124:~$ cd 
.cache/           Desktop/          Downloads/        .gsutil/          Music/            .nvm/             Public/           Templates/        Videos/           
.cert/            Development/      .gnupg/           .local/           node_modules/     Pictures/         snap/             test/             .vscode/          
.config/          Documents/        google-cloud-sdk/ .mozilla/         .npm/             .pki/             .ssh/             .thunderbird/     .zoom/            
chris.briggs@G4M0124:~$ cd 
.cache/           Desktop/          Downloads/        .gsutil/          Music/            .nvm/             Public/           Templates/        Videos/           
.cert/            Development/      .gnupg/           .local/           node_modules/     Pictures/         snap/             test/             .vscode/          
.config/          Documents/        google-cloud-sdk/ .mozilla/         .npm/             .pki/             .ssh/             .thunderbird/     .zoom/            
chris.briggs@G4M0124:~$ cd Development/
chris.briggs@G4M0124:~/Development$ ls
webdriverio-framework
chris.briggs@G4M0124:~/Development$ cd webdriverio-framework/
chris.briggs@G4M0124:~/Development/webdriverio-framework$ ls
config                 docker-compose.yml  docs           logs          package.json       pages      reports      tests
docker-compose.ci.yml  Dockerfile          jsconfig.json  node_modules  package-lock.json  README.md  screenshots  utils
chris.briggs@G4M0124:~/Development/webdriverio-framework$ npm run test:desktop -- --spec=./tests/desktop/header.spec.js

> webdriverio-framework@1.0.0 test:desktop
> wdio ./config/desktop.conf.js "--spec=./tests/desktop/header.spec.js"


Execution of 1 workers started at 2021-11-02T12:00:04.819Z

[0-0] RUNNING in chrome - /tests/desktop/header.spec.js
[0-0] FAILED in chrome - /tests/desktop/header.spec.js

Spec Files:  0 passed, 1 failed, 1 total (100% completed) in 00:00:22 

chris.briggs@G4M0124:~/Development/webdriverio-framework$ 



